phase 0 — from the tables: at most 6 objects carry pieces at once (first at y=47,360), DUST_AT=0.76.
phase 1 — the census. Walking 144,632 px at 200px.
  most objects on the ground at once : 6
  most pieces on ONE object          : 117  (item 146, gen 2, y=91,000)
  most dust particles resident       : 139
  heaviest replay frame              : y=142,400 — 6 objects, 348 pieces, 13,243 piece-substeps
    #223 g2 110p×60s  #224 g2 85p×43s  #225 g2 98p×26s  #226 g2 29p×8s  #227 g1 13p×14s  #228 g0 13p×2s

phase 2 — the timed replay. Fresh load + real walk per candidate, 40 reps each.

       y objs pieces   work | A: cold   med   p95   max | B: cold   med   max |  C med |  dust
  142400   5   150   3720 |  1.60  0.20  0.90  1.30 |  1.30  0.10  0.80 | 0.000 |  0.10
  126600   7   211  11785 |  2.70  0.60  3.00  3.30 |  1.20  0.20  7.10 | 0.000 |  0.10
  133200   6   216   9754 |  0.40  0.40  0.70  1.40 |  1.50  0.20  1.60 | 0.000 |  0.10
  125800   6   212  13256 |  0.60  0.20  2.20  2.60 |  0.90  0.20  0.30 | 0.000 |  0.00
  141000   5   179   5448 |  0.60  0.20  0.50  1.60 |  1.10  0.10  0.20 | 0.000 |  0.10
   91000   7   271  18219 |  0.70  0.30  1.00  1.10 |  0.70  0.20  0.40 | 0.000 |  0.10
   43200   5   200   6094 |  0.20  0.20  0.30  0.70 |  0.20  0.10  1.20 | 0.000 |  0.00

WORST A (uncached, full flight) : 3.30 ms  at y=126,600  (7 objects, 211 pieces, 11,785 piece-substeps, flights 101/61/22/48/8/44/5 substeps)
WORST B (replay to rest)        : 7.10 ms  at y=126,600  (11 substeps before every piece rested)
the frame budget is 25 ms; 60fps is 16.7 ms.

phase 3 — 6x CPU throttle at y=126,600 (7 objects, 247 pieces):
  A uncached : cold 3.30  med 1.30  p95 22.40  max 33.30 ms
  B to-rest  : cold 24.20  med 3.50  max 21.00 ms

page errors: 0 []
